2026-08-12 09:25:12 [INFO] Application started
2026-08-12 09:25:14 [INFO] Application started
2026-08-16 11:49:04 [INFO] Application started
2026-08-16 12:22:30 [INFO] Application started
2026-08-16 12:22:34 [INFO] Application started
2026-08-16 15:21:35 [INFO] Application started
2026-08-16 15:21:40 [INFO] Application started
2026-08-16 15:24:53 [INFO] Application started
2026-08-16 15:25:00 [INFO] Application started
2026-08-16 15:25:02 [INFO] Application started
2026-08-16 20:31:34 [INFO] Application started
2026-08-16 20:31:41 [INFO] Application started
2026-08-16 20:31:45 [INFO] Application started
2026-08-16 21:41:08 [INFO] Application started
2026-08-17 04:43:06 [INFO] Application started
2026-08-17 04:43:16 [INFO] Application started
2026-08-23 23:16:15 [INFO] Application started
2026-08-23 23:16:17 [INFO] Application started
2026-08-24 08:51:45 [INFO] Application started
2026-08-24 08:51:49 [INFO] Application started
2026-09-11 20:22:44 [INFO] Application started
2026-09-11 20:22:45 [INFO] Application started
2026-09-11 20:22:45 [INFO] Application started
2026-09-11 20:22:52 [INFO] Application started
2026-09-11 20:22:53 [INFO] Application started
2026-09-11 20:23:17 [INFO] Application started
2026-09-11 20:23:17 [INFO] Application started
2026-09-11 20:23:17 [INFO] Application started
2026-09-11 20:23:23 [INFO] Application started
2026-09-11 20:23:23 [INFO] Application started
2026-09-11 20:23:23 [INFO] Application started
2026-09-11 20:23:23 [INFO] Application started
2026-09-11 20:23:23 [INFO] Application started
2026-09-11 20:23:23 [INFO] Application started
2026-09-11 20:23:23 [INFO] Application started
2026-09-11 20:23:23 [INFO] Application started
2026-09-11 20:23:23 [INFO] Application started
2026-09-11 20:23:23 [INFO] Application started
2026-09-11 20:23:23 [INFO] Application started
2026-09-11 20:23:23 [INFO] Application started
2026-09-11 20:23:23 [INFO] Application started
2026-09-11 20:23:23 [INFO] Application started
2026-09-11 20:23:23 [INFO] Application started
2026-09-11 20:23:23 [INFO] Application started
2026-09-11 20:23:23 [INFO] Application started
2026-09-11 20:23:23 [INFO] Application started
2026-09-11 20:23:23 [INFO] Application started
2026-09-11 20:23:23 [INFO] Application started
2026-09-11 20:23:23 [INFO] Application started
2026-09-11 20:23:23 [INFO] Application started
2026-09-11 20:23:23 [INFO] Application started
2026-09-11 20:23:23 [INFO] Application started
2026-09-11 20:23:23 [INFO] Application started
2026-09-11 20:23:23 [INFO] Application started
2026-09-11 20:23:23 [INFO] Application started
2026-09-11 20:23:23 [INFO] Application started
2026-09-11 20:23:23 [INFO] Application started
2026-09-11 20:23:23 [INFO] Application started
2026-09-11 20:23:23 [INFO] Application started
2026-09-11 20:23:23 [INFO] Application started
2026-09-11 20:23:23 [INFO] Application started
2026-09-11 20:23:23 [INFO] Application started
2026-09-11 20:23:23 [INFO] Application started
2026-09-11 20:23:23 [INFO] Application started
2026-09-11 20:23:23 [INFO] Application started
2026-09-11 20:23:23 [INFO] Application started
2026-09-11 20:23:23 [INFO] Application started
2026-09-11 20:23:23 [INFO] Application started
2026-09-11 20:23:23 [INFO] Application started
2026-09-11 20:23:23 [INFO] Application started
2026-09-11 20:23:23 [INFO] Application started
2026-09-11 20:23:23 [INFO] Application started
2026-09-11 20:23:23 [INFO] Application started
2026-09-11 20:23:23 [INFO] Application started
2026-09-11 20:23:23 [INFO] Application started
2026-09-11 20:23:23 [INFO] Application started
2026-09-11 20:23:23 [INFO] Application started
2026-09-11 20:23:23 [INFO] Application started
2026-09-11 20:23:23 [INFO] Application started
2026-09-11 20:23:23 [INFO] Application started
2026-09-11 20:23:23 [INFO] Application started
2026-09-11 20:23:23 [INFO] Application started
2026-09-11 20:23:23 [INFO] Application started
2026-09-11 20:23:23 [INFO] Application started
2026-09-11 20:23:23 [INFO] Application started
2026-09-11 20:23:23 [INFO] Application started
2026-09-11 20:23:23 [INFO] Application started
2026-09-11 20:23:23 [INFO] Application started
2026-09-11 20:23:23 [INFO] Application started
2026-09-11 20:23:23 [INFO] Application started
2026-09-11 20:23:23 [INFO] Application started
2026-09-11 20:23:23 [INFO] Application started
2026-09-11 20:23:23 [INFO] Application started
2026-09-11 20:23:23 [INFO] Application started
2026-09-11 20:23:23 [INFO] Application started
2026-09-11 20:23:23 [INFO] Application started
2026-09-11 20:23:23 [INFO] Application started
2026-09-11 20:23:23 [INFO] Application started
2026-09-11 20:23:23 [INFO] Application started
2026-09-11 20:23:23 [INFO] Application started
2026-09-11 20:23:23 [INFO] Application started
2026-09-11 20:23:23 [INFO] Application started
2026-09-11 20:23:23 [INFO] Application started
2026-09-11 20:23:23 [INFO] Application started
2026-09-11 20:23:23 [INFO] Application started
2026-09-11 20:23:23 [INFO] Application started
2026-09-11 20:23:23 [INFO] Application started
2026-09-11 20:23:23 [INFO] Application started
2026-09-11 20:23:23 [INFO] Application started
2026-09-11 20:23:23 [INFO] Application started
2026-09-11 20:23:23 [INFO] Application started
2026-09-11 20:23:23 [INFO] Application started
2026-09-11 20:23:23 [INFO] Application started
2026-09-11 20:23:23 [INFO] Application started
2026-09-11 20:23:23 [INFO] Application started
2026-09-11 20:23:23 [INFO] Application started
2026-09-11 20:23:23 [INFO] Application started
2026-09-11 20:23:23 [INFO] Application started
2026-09-11 20:23:23 [INFO] Application started
2026-09-11 20:23:23 [INFO] Application started
2026-09-11 20:23:23 [INFO] Application started
2026-09-11 20:23:23 [INFO] Application started
2026-09-11 20:23:23 [INFO] Application started
2026-09-11 20:23:23 [INFO] Application started
2026-09-11 20:23:23 [INFO] Application started
2026-09-11 20:23:23 [INFO] Application started
2026-09-11 20:23:23 [INFO] Application started
2026-09-11 20:23:23 [INFO] Application started
2026-09-11 20:23:23 [INFO] Application started
2026-09-11 20:23:23 [INFO] Application started
2026-09-11 20:23:23 [INFO] Application started
2026-09-11 20:23:23 [INFO] Application started
2026-09-11 20:23:23 [INFO] Application started
2026-09-11 20:23:23 [INFO] Application started
2026-09-11 20:23:23 [INFO] Application started
2026-09-11 20:23:23 [INFO] Application started
2026-09-11 20:23:23 [INFO] Application started
2026-09-11 20:23:23 [INFO] Application started
2026-09-11 20:23:23 [INFO] Application started
2026-09-11 20:23:23 [INFO] Application started
2026-09-11 20:23:23 [INFO] Application started
2026-09-11 20:23:23 [INFO] Application started
2026-09-11 20:23:23 [INFO] Application started
2026-09-11 20:23:23 [INFO] Application started
2026-09-11 20:23:23 [INFO] Application started
2026-09-11 20:23:23 [INFO] Application started
2026-09-11 20:23:23 [INFO] Application started
2026-09-11 20:23:23 [INFO] Application started
2026-09-11 20:23:23 [INFO] Application started
2026-09-11 20:23:23 [INFO] Application started
2026-09-11 20:23:23 [INFO] Application started
2026-09-11 20:23:23 [INFO] Application started
2026-09-11 20:23:23 [INFO] Application started
2026-09-11 20:23:23 [INFO] Application started
2026-09-11 20:23:23 [INFO] Application started
2026-09-11 20:23:23 [INFO] Application started
2026-09-11 20:23:23 [INFO] Application started
2026-09-11 20:23:23 [INFO] Application started
2026-09-11 20:23:23 [INFO] Application started
2026-09-11 20:23:23 [INFO] Application started
2026-09-11 20:23:23 [INFO] Application started
2026-09-11 20:23:23 [INFO] Application started
2026-09-11 20:23:23 [INFO] Application started
2026-09-11 20:23:23 [INFO] Application started
2026-09-11 20:23:23 [INFO] Application started
2026-09-11 20:23:23 [INFO] Application started
2026-09-11 20:23:23 [INFO] Application started
2026-09-11 20:23:23 [INFO] Application started
2026-09-11 20:23:23 [INFO] Application started
2026-09-11 20:23:23 [INFO] Application started
2026-09-11 20:23:23 [INFO] Application started
2026-09-11 20:23:23 [INFO] Application started
2026-09-11 20:23:23 [INFO] Application started
2026-09-11 20:23:23 [INFO] Application started
2026-09-11 20:23:23 [INFO] Application started
2026-09-11 20:23:23 [INFO] Application started
2026-09-11 20:23:23 [INFO] Application started
2026-09-11 20:23:23 [INFO] Application started
2026-09-11 20:23:23 [INFO] Application started
2026-09-11 20:23:23 [INFO] Application started
2026-09-11 20:23:23 [INFO] Application started
2026-09-11 20:23:24 [WARNING] Failed admin login attempt for email: admin@blazingtrailengineering.com
2026-09-11 20:23:24 [WARNING] Failed admin login attempt for email: admin@blazingtrailengineering.com
2026-09-11 20:23:24 [WARNING] Failed admin login attempt for email: admin@blazingtrailengineering.com
2026-09-11 20:23:24 [WARNING] Failed admin login attempt for email: admin@blazingtrailengineering.com
2026-09-11 20:23:24 [WARNING] Failed admin login attempt for email: admin@blazingtrailengineering.com
2026-09-11 20:23:24 [WARNING] Failed admin login attempt for email: admin@blazingtrailengineering.com
2026-09-11 20:23:24 [WARNING] Failed admin login attempt for email: admin@blazingtrailengineering.com
2026-09-11 20:23:24 [WARNING] Failed admin login attempt for email: admin@blazingtrailengineering.com
2026-09-11 20:23:24 [WARNING] Failed admin login attempt for email: admin@blazingtrailengineering.com
2026-09-11 20:23:24 [WARNING] Failed admin login attempt for email: admin@blazingtrailengineering.com
2026-09-11 20:23:24 [WARNING] Failed admin login attempt for email: admin@blazingtrailengineering.com
2026-09-11 20:23:24 [WARNING] Failed admin login attempt for email: admin@blazingtrailengineering.com
2026-09-11 20:23:24 [WARNING] Failed admin login attempt for email: admin@blazingtrailengineering.com
2026-09-11 20:23:24 [WARNING] Failed admin login attempt for email: admin@blazingtrailengineering.com
2026-09-11 20:23:24 [WARNING] Failed admin login attempt for email: admin@blazingtrailengineering.com
2026-09-11 20:23:24 [WARNING] Failed admin login attempt for email: admin@blazingtrailengineering.com
2026-09-11 20:23:24 [WARNING] Failed admin login attempt for email: admin@blazingtrailengineering.com
2026-09-11 20:23:24 [INFO] Application started
2026-09-11 20:23:24 [INFO] Application started
2026-09-11 20:23:24 [INFO] Application started
2026-09-11 20:23:24 [INFO] Application started
2026-09-11 20:23:24 [INFO] Application started
2026-09-11 20:23:24 [INFO] Application started
2026-09-11 20:23:24 [INFO] Application started
2026-09-11 20:23:24 [INFO] Application started
2026-09-11 20:23:24 [INFO] Application started
2026-09-11 20:23:24 [INFO] Application started
2026-09-11 20:23:24 [INFO] Application started
2026-09-11 20:23:24 [INFO] Application started
2026-09-11 20:23:24 [INFO] Application started
2026-09-11 20:23:24 [INFO] Application started
2026-09-11 20:23:24 [INFO] Application started
2026-09-11 20:23:24 [INFO] Application started
2026-09-11 20:23:24 [INFO] Application started
2026-09-11 20:23:24 [INFO] Application started
2026-09-11 20:23:24 [INFO] Application started
2026-09-11 20:23:24 [INFO] Application started
2026-09-11 20:23:24 [INFO] Application started
2026-09-11 20:23:24 [INFO] Application started
2026-09-11 20:23:24 [INFO] Application started
2026-09-11 20:23:24 [INFO] Application started
2026-09-11 20:23:24 [INFO] Application started
2026-09-11 20:23:24 [INFO] Application started
2026-09-11 20:23:24 [INFO] Application started
2026-09-11 20:23:24 [INFO] Application started
2026-09-11 20:23:24 [INFO] Application started
2026-09-11 20:23:24 [INFO] Application started
2026-09-11 20:23:24 [INFO] Application started
2026-09-11 20:23:24 [INFO] Application started
2026-09-11 20:23:24 [INFO] Application started
2026-09-11 20:23:24 [INFO] Application started
2026-09-11 20:23:24 [INFO] Application started
2026-09-11 20:23:24 [INFO] Application started
2026-09-11 20:23:24 [INFO] Application started
2026-09-11 20:23:24 [INFO] Admin login: admin@blazingtrailengineering.com
2026-09-11 20:23:24 [INFO] Admin login: admin@blazingtrailengineering.com
2026-09-11 20:23:24 [INFO] Admin login: admin@blazingtrailengineering.com
2026-09-11 20:23:24 [INFO] Admin login: admin@blazingtrailengineering.com
2026-09-11 20:23:24 [INFO] Admin login: admin@blazingtrailengineering.com
2026-09-11 20:23:24 [INFO] Admin login: admin@blazingtrailengineering.com
2026-09-11 20:23:24 [INFO] Admin login: admin@blazingtrailengineering.com
2026-09-11 20:23:24 [INFO] Admin login: admin@blazingtrailengineering.com
2026-09-11 20:23:24 [INFO] Admin login: admin@blazingtrailengineering.com
2026-09-11 20:23:24 [INFO] Admin login: admin@blazingtrailengineering.com
2026-09-11 20:23:24 [INFO] Admin login: admin@blazingtrailengineering.com
2026-09-11 20:23:24 [INFO] Admin login: admin@blazingtrailengineering.com
2026-09-11 20:23:24 [INFO] Admin login: admin@blazingtrailengineering.com
2026-09-11 20:23:24 [INFO] Admin login: admin@blazingtrailengineering.com
2026-09-11 20:23:24 [INFO] Admin login: admin@blazingtrailengineering.com
2026-09-11 20:23:24 [INFO] Admin login: admin@blazingtrailengineering.com
2026-09-11 20:23:24 [INFO] Admin login: admin@blazingtrailengineering.com
2026-09-11 20:23:24 [INFO] Admin login: admin@blazingtrailengineering.com
2026-09-11 20:23:24 [INFO] Admin login: admin@blazingtrailengineering.com
2026-09-11 20:23:24 [INFO] Product created: 'Test Panel 400W' (id=13) by admin@blazingtrailengineering.com
2026-09-11 20:23:24 [INFO] Product created: 'Test Panel 400W' (id=13) by admin@blazingtrailengineering.com
2026-09-11 20:23:24 [INFO] Product created: 'Test Panel 400W' (id=13) by admin@blazingtrailengineering.com
2026-09-11 20:23:24 [INFO] Product created: 'Test Panel 400W' (id=13) by admin@blazingtrailengineering.com
2026-09-11 20:23:24 [INFO] Product created: 'Test Panel 400W' (id=13) by admin@blazingtrailengineering.com
2026-09-11 20:23:24 [INFO] Product created: 'Test Panel 400W' (id=13) by admin@blazingtrailengineering.com
2026-09-11 20:23:24 [INFO] Product created: 'Test Panel 400W' (id=13) by admin@blazingtrailengineering.com
2026-09-11 20:23:24 [INFO] Product created: 'Test Panel 400W' (id=13) by admin@blazingtrailengineering.com
2026-09-11 20:23:24 [INFO] Product created: 'Test Panel 400W' (id=13) by admin@blazingtrailengineering.com
2026-09-11 20:23:24 [INFO] Product created: 'Test Panel 400W' (id=13) by admin@blazingtrailengineering.com
2026-09-11 20:23:24 [INFO] Product created: 'Test Panel 400W' (id=13) by admin@blazingtrailengineering.com
2026-09-11 20:23:24 [INFO] Product created: 'Test Panel 400W' (id=13) by admin@blazingtrailengineering.com
2026-09-11 20:23:24 [INFO] Product created: 'Test Panel 400W' (id=13) by admin@blazingtrailengineering.com
2026-09-11 20:23:24 [INFO] Product created: 'Test Panel 400W' (id=13) by admin@blazingtrailengineering.com
2026-09-11 20:23:24 [INFO] Product created: 'Test Panel 400W' (id=13) by admin@blazingtrailengineering.com
2026-09-11 20:23:24 [INFO] Product created: 'Test Panel 400W' (id=13) by admin@blazingtrailengineering.com
2026-09-11 20:23:24 [INFO] Product created: 'Test Panel 400W' (id=13) by admin@blazingtrailengineering.com
2026-09-11 20:23:24 [INFO] Product created: 'Test Panel 400W' (id=13) by admin@blazingtrailengineering.com
2026-09-11 20:23:24 [INFO] Product created: 'Test Panel 400W' (id=13) by admin@blazingtrailengineering.com
2026-09-11 20:23:24 [INFO] Product updated: 'Test Panel 450W' (id=13) by admin@blazingtrailengineering.com
2026-09-11 20:23:24 [INFO] Product updated: 'Test Panel 450W' (id=13) by admin@blazingtrailengineering.com
2026-09-11 20:23:24 [INFO] Product updated: 'Test Panel 450W' (id=13) by admin@blazingtrailengineering.com
2026-09-11 20:23:24 [INFO] Product updated: 'Test Panel 450W' (id=13) by admin@blazingtrailengineering.com
2026-09-11 20:23:24 [INFO] Product updated: 'Test Panel 450W' (id=13) by admin@blazingtrailengineering.com
2026-09-11 20:23:24 [INFO] Product updated: 'Test Panel 450W' (id=13) by admin@blazingtrailengineering.com
2026-09-11 20:23:24 [INFO] Product updated: 'Test Panel 450W' (id=13) by admin@blazingtrailengineering.com
2026-09-11 20:23:24 [INFO] Product updated: 'Test Panel 450W' (id=13) by admin@blazingtrailengineering.com
2026-09-11 20:23:24 [INFO] Product updated: 'Test Panel 450W' (id=13) by admin@blazingtrailengineering.com
2026-09-11 20:23:24 [INFO] Product updated: 'Test Panel 450W' (id=13) by admin@blazingtrailengineering.com
2026-09-11 20:23:24 [INFO] Product updated: 'Test Panel 450W' (id=13) by admin@blazingtrailengineering.com
2026-09-11 20:23:24 [INFO] Product updated: 'Test Panel 450W' (id=13) by admin@blazingtrailengineering.com
2026-09-11 20:23:24 [INFO] Product updated: 'Test Panel 450W' (id=13) by admin@blazingtrailengineering.com
2026-09-11 20:23:24 [INFO] Product updated: 'Test Panel 450W' (id=13) by admin@blazingtrailengineering.com
2026-09-11 20:23:24 [INFO] Product updated: 'Test Panel 450W' (id=13) by admin@blazingtrailengineering.com
2026-09-11 20:23:24 [INFO] Product updated: 'Test Panel 450W' (id=13) by admin@blazingtrailengineering.com
2026-09-11 20:23:24 [INFO] Product updated: 'Test Panel 450W' (id=13) by admin@blazingtrailengineering.com
2026-09-11 20:23:24 [INFO] Product updated: 'Test Panel 450W' (id=13) by admin@blazingtrailengineering.com
2026-09-11 20:23:24 [INFO] Product updated: 'Test Panel 450W' (id=13) by admin@blazingtrailengineering.com
2026-09-11 20:23:24 [INFO] Lead #3 status: new -> contacted by admin@blazingtrailengineering.com
2026-09-11 20:23:24 [INFO] Lead #3 status: new -> contacted by admin@blazingtrailengineering.com
2026-09-11 20:23:24 [INFO] Lead #3 status: new -> contacted by admin@blazingtrailengineering.com
2026-09-11 20:23:24 [INFO] Lead #3 status: new -> contacted by admin@blazingtrailengineering.com
2026-09-11 20:23:24 [INFO] Lead #3 status: new -> contacted by admin@blazingtrailengineering.com
2026-09-11 20:23:24 [INFO] Lead #3 status: new -> contacted by admin@blazingtrailengineering.com
2026-09-11 20:23:24 [INFO] Lead #3 status: new -> contacted by admin@blazingtrailengineering.com
2026-09-11 20:23:24 [INFO] Lead #3 status: new -> contacted by admin@blazingtrailengineering.com
2026-09-11 20:23:24 [INFO] Lead #3 status: new -> contacted by admin@blazingtrailengineering.com
2026-09-11 20:23:24 [INFO] Lead #3 status: new -> contacted by admin@blazingtrailengineering.com
2026-09-11 20:23:24 [INFO] Lead #3 status: new -> contacted by admin@blazingtrailengineering.com
2026-09-11 20:23:24 [INFO] Lead #3 status: new -> contacted by admin@blazingtrailengineering.com
2026-09-11 20:23:24 [INFO] Lead #3 status: new -> contacted by admin@blazingtrailengineering.com
2026-09-11 20:23:24 [INFO] Lead #3 status: new -> contacted by admin@blazingtrailengineering.com
2026-09-11 20:23:24 [INFO] Lead #3 status: new -> contacted by admin@blazingtrailengineering.com
2026-09-11 20:23:24 [INFO] Lead #3 status: new -> contacted by admin@blazingtrailengineering.com
2026-09-11 20:23:24 [INFO] Lead #3 status: new -> contacted by admin@blazingtrailengineering.com
2026-09-11 20:23:24 [INFO] Lead #3 status: new -> contacted by admin@blazingtrailengineering.com
2026-09-11 20:23:24 [INFO] Lead #3 status: new -> contacted by admin@blazingtrailengineering.com
2026-09-11 20:23:24 [INFO] Lead #3 deleted by admin@blazingtrailengineering.com
2026-09-11 20:23:24 [INFO] Lead #3 deleted by admin@blazingtrailengineering.com
2026-09-11 20:23:24 [INFO] Lead #3 deleted by admin@blazingtrailengineering.com
2026-09-11 20:23:24 [INFO] Lead #3 deleted by admin@blazingtrailengineering.com
2026-09-11 20:23:24 [INFO] Lead #3 deleted by admin@blazingtrailengineering.com
2026-09-11 20:23:24 [INFO] Lead #3 deleted by admin@blazingtrailengineering.com
2026-09-11 20:23:24 [INFO] Lead #3 deleted by admin@blazingtrailengineering.com
2026-09-11 20:23:24 [INFO] Lead #3 deleted by admin@blazingtrailengineering.com
2026-09-11 20:23:24 [INFO] Lead #3 deleted by admin@blazingtrailengineering.com
2026-09-11 20:23:24 [INFO] Lead #3 deleted by admin@blazingtrailengineering.com
2026-09-11 20:23:24 [INFO] Lead #3 deleted by admin@blazingtrailengineering.com
2026-09-11 20:23:24 [INFO] Lead #3 deleted by admin@blazingtrailengineering.com
2026-09-11 20:23:24 [INFO] Lead #3 deleted by admin@blazingtrailengineering.com
2026-09-11 20:23:24 [INFO] Lead #3 deleted by admin@blazingtrailengineering.com
2026-09-11 20:23:24 [INFO] Lead #3 deleted by admin@blazingtrailengineering.com
2026-09-11 20:23:24 [INFO] Lead #3 deleted by admin@blazingtrailengineering.com
2026-09-11 20:23:24 [INFO] Lead #3 deleted by admin@blazingtrailengineering.com
2026-09-11 20:23:24 [INFO] Lead #3 deleted by admin@blazingtrailengineering.com
2026-09-11 20:23:24 [INFO] Lead #3 deleted by admin@blazingtrailengineering.com
2026-09-11 20:23:24 [INFO] Product deleted: 'Test Panel 450W' (id=13) by admin@blazingtrailengineering.com
2026-09-11 20:23:24 [INFO] Product deleted: 'Test Panel 450W' (id=13) by admin@blazingtrailengineering.com
2026-09-11 20:23:24 [INFO] Product deleted: 'Test Panel 450W' (id=13) by admin@blazingtrailengineering.com
2026-09-11 20:23:24 [INFO] Product deleted: 'Test Panel 450W' (id=13) by admin@blazingtrailengineering.com
2026-09-11 20:23:24 [INFO] Product deleted: 'Test Panel 450W' (id=13) by admin@blazingtrailengineering.com
2026-09-11 20:23:24 [INFO] Product deleted: 'Test Panel 450W' (id=13) by admin@blazingtrailengineering.com
2026-09-11 20:23:24 [INFO] Product deleted: 'Test Panel 450W' (id=13) by admin@blazingtrailengineering.com
2026-09-11 20:23:24 [INFO] Product deleted: 'Test Panel 450W' (id=13) by admin@blazingtrailengineering.com
2026-09-11 20:23:24 [INFO] Product deleted: 'Test Panel 450W' (id=13) by admin@blazingtrailengineering.com
2026-09-11 20:23:24 [INFO] Product deleted: 'Test Panel 450W' (id=13) by admin@blazingtrailengineering.com
2026-09-11 20:23:24 [INFO] Product deleted: 'Test Panel 450W' (id=13) by admin@blazingtrailengineering.com
2026-09-11 20:23:24 [INFO] Product deleted: 'Test Panel 450W' (id=13) by admin@blazingtrailengineering.com
2026-09-11 20:23:24 [INFO] Product deleted: 'Test Panel 450W' (id=13) by admin@blazingtrailengineering.com
2026-09-11 20:23:24 [INFO] Product deleted: 'Test Panel 450W' (id=13) by admin@blazingtrailengineering.com
2026-09-11 20:23:24 [INFO] Product deleted: 'Test Panel 450W' (id=13) by admin@blazingtrailengineering.com
2026-09-11 20:23:24 [INFO] Product deleted: 'Test Panel 450W' (id=13) by admin@blazingtrailengineering.com
2026-09-11 20:23:24 [INFO] Product deleted: 'Test Panel 450W' (id=13) by admin@blazingtrailengineering.com
2026-09-11 20:23:24 [INFO] Product deleted: 'Test Panel 450W' (id=13) by admin@blazingtrailengineering.com
2026-09-11 20:23:24 [INFO] Product deleted: 'Test Panel 450W' (id=13) by admin@blazingtrailengineering.com
2026-09-11 20:23:24 [INFO] Admin logout: admin@blazingtrailengineering.com
2026-09-11 20:23:24 [INFO] Admin logout: admin@blazingtrailengineering.com
2026-09-11 20:23:24 [INFO] Admin logout: admin@blazingtrailengineering.com
2026-09-11 20:23:24 [INFO] Admin logout: admin@blazingtrailengineering.com
2026-09-11 20:23:24 [INFO] Admin logout: admin@blazingtrailengineering.com
2026-09-11 20:23:24 [INFO] Admin logout: admin@blazingtrailengineering.com
2026-09-11 20:23:24 [INFO] Admin logout: admin@blazingtrailengineering.com
2026-09-11 20:23:24 [INFO] Admin logout: admin@blazingtrailengineering.com
2026-09-11 20:23:24 [INFO] Admin logout: admin@blazingtrailengineering.com
2026-09-11 20:23:24 [INFO] Admin logout: admin@blazingtrailengineering.com
2026-09-11 20:23:24 [INFO] Admin logout: admin@blazingtrailengineering.com
2026-09-11 20:23:24 [INFO] Admin logout: admin@blazingtrailengineering.com
2026-09-11 20:23:24 [INFO] Admin logout: admin@blazingtrailengineering.com
2026-09-11 20:23:24 [INFO] Admin logout: admin@blazingtrailengineering.com
2026-09-11 20:23:24 [INFO] Admin logout: admin@blazingtrailengineering.com
2026-09-11 20:23:24 [INFO] Admin logout: admin@blazingtrailengineering.com
2026-09-11 20:23:24 [INFO] Admin logout: admin@blazingtrailengineering.com
2026-09-11 20:23:24 [INFO] Admin logout: admin@blazingtrailengineering.com
2026-09-11 20:23:24 [INFO] Admin logout: admin@blazingtrailengineering.com
2026-09-11 20:23:24 [INFO] Application started
2026-09-11 20:23:24 [INFO] Application started
2026-09-11 20:23:24 [INFO] Application started
2026-09-11 20:23:24 [INFO] Application started
2026-09-11 20:23:24 [INFO] Application started
2026-09-11 20:23:24 [INFO] Application started
2026-09-11 20:23:24 [INFO] Application started
2026-09-11 20:23:24 [INFO] Application started
2026-09-11 20:23:24 [INFO] Application started
2026-09-11 20:23:24 [INFO] Application started
2026-09-11 20:23:24 [INFO] Application started
2026-09-11 20:23:24 [INFO] Application started
2026-09-11 20:23:24 [INFO] Application started
2026-09-11 20:23:24 [INFO] Application started
2026-09-11 20:23:24 [INFO] Application started
2026-09-11 20:23:24 [INFO] Application started
2026-09-11 20:23:24 [INFO] Application started
2026-09-11 20:23:24 [INFO] Application started
2026-09-11 20:23:24 [INFO] Application started
2026-09-11 20:23:24 [INFO] Application started
2026-09-11 20:23:24 [INFO] Application started
2026-09-11 20:23:24 [INFO] Application started
2026-09-11 20:23:24 [INFO] Application started
2026-09-11 20:23:24 [INFO] Application started
2026-09-11 20:23:24 [INFO] Application started
2026-09-11 20:23:24 [INFO] Application started
2026-09-11 20:23:24 [INFO] Application started
2026-09-11 20:23:24 [INFO] Application started
2026-09-11 20:23:24 [INFO] Application started
2026-09-11 20:23:24 [INFO] Application started
2026-09-11 20:23:24 [INFO] Application started
2026-09-11 20:23:24 [INFO] Application started
2026-09-11 20:23:24 [INFO] Application started
2026-09-11 20:23:24 [INFO] Application started
2026-09-11 20:23:24 [INFO] Application started
2026-09-11 20:23:24 [INFO] Application started
2026-09-11 20:23:24 [INFO] Application started
2026-09-11 20:23:24 [INFO] Application started
2026-09-11 20:23:24 [INFO] Application started
2026-09-11 20:23:24 [INFO] Application started
2026-09-11 20:23:24 [INFO] Application started
2026-09-12 03:34:37 [INFO] Application started
2026-09-12 03:34:38 [INFO] Application started
2026-09-12 03:34:38 [INFO] Application started
2026-09-12 03:34:38 [INFO] Application started
2026-09-12 03:34:38 [INFO] Application started
2026-09-12 03:34:38 [INFO] Application started
2026-09-12 03:34:38 [INFO] Application started
2026-09-12 03:34:38 [INFO] Application started
2026-09-12 03:34:38 [INFO] Application started
2026-09-12 03:34:38 [INFO] Application started
2026-09-12 03:34:38 [INFO] Application started
2026-09-12 03:34:38 [INFO] Application started
2026-09-12 03:34:38 [INFO] Application started
2026-09-12 03:34:38 [INFO] Application started
2026-09-12 03:34:38 [INFO] Application started
2026-09-12 03:34:38 [INFO] Application started
2026-09-12 03:34:38 [INFO] Application started
2026-09-12 03:34:38 [INFO] Application started
2026-09-12 03:34:38 [INFO] Application started
2026-09-12 03:34:38 [INFO] Application started
2026-09-12 03:34:38 [INFO] Application started
2026-09-12 03:34:38 [INFO] Application started
2026-09-12 03:34:38 [INFO] Application started
2026-09-12 03:34:38 [INFO] Application started
2026-09-12 03:34:38 [INFO] Application started
2026-09-12 03:34:38 [INFO] Application started
2026-09-12 03:34:38 [INFO] Application started
2026-09-12 03:34:38 [INFO] Application started
2026-09-12 03:34:38 [INFO] Application started
2026-09-12 03:34:38 [INFO] Application started
2026-09-12 03:34:38 [INFO] Application started
2026-09-12 03:34:38 [INFO] Application started
2026-09-12 03:34:38 [INFO] Application started
2026-09-12 03:34:38 [INFO] Application started
2026-09-12 03:34:38 [INFO] Application started
2026-09-12 03:34:38 [INFO] Application started
2026-09-12 03:34:38 [INFO] Application started
2026-09-12 03:34:38 [INFO] Application started
2026-09-12 03:34:38 [INFO] Application started
2026-09-12 03:34:38 [INFO] Application started
2026-09-12 03:34:38 [INFO] Application started
2026-09-12 03:34:38 [INFO] Application started
2026-09-12 03:34:38 [INFO] Application started
2026-09-12 03:34:38 [INFO] Application started
2026-09-12 03:34:38 [INFO] Application started
2026-09-12 03:34:38 [INFO] Application started
2026-09-12 03:34:38 [INFO] Application started
2026-09-12 03:34:38 [INFO] Application started
2026-09-12 03:34:38 [INFO] Application started
2026-09-12 03:34:38 [INFO] Application started
2026-09-12 03:34:38 [INFO] Application started
2026-09-12 03:34:38 [INFO] Application started
2026-09-12 03:34:38 [INFO] Application started
2026-09-12 03:34:38 [INFO] Application started
2026-09-12 03:34:38 [INFO] Application started
2026-09-12 03:34:38 [INFO] Application started
2026-09-12 03:34:38 [INFO] Application started
2026-09-12 03:34:38 [INFO] Application started
2026-09-12 03:34:38 [INFO] Application started
2026-09-12 03:34:38 [INFO] Application started
2026-09-12 03:34:38 [INFO] Application started
2026-09-12 03:34:38 [INFO] Application started
2026-09-12 03:34:38 [INFO] Application started
2026-09-12 03:34:38 [INFO] Application started
2026-09-12 03:34:38 [INFO] Application started
2026-09-12 03:34:38 [INFO] Application started
2026-09-12 03:34:38 [INFO] Application started
2026-09-12 03:34:38 [INFO] Application started
2026-09-12 03:34:38 [INFO] Application started
2026-09-12 03:34:38 [INFO] Application started
2026-09-12 03:34:38 [INFO] Application started
2026-09-12 03:34:38 [INFO] Application started
2026-09-12 03:34:38 [INFO] Application started
2026-09-12 03:34:38 [INFO] Application started
2026-09-12 03:34:38 [INFO] Application started
2026-09-12 03:34:38 [INFO] Application started
2026-09-12 03:34:38 [INFO] Application started
2026-09-12 03:34:38 [INFO] Application started
2026-09-12 03:34:38 [INFO] Application started
2026-09-12 03:34:38 [INFO] Application started
2026-09-12 03:34:38 [INFO] Application started
2026-09-12 03:34:38 [INFO] Application started
2026-09-12 03:34:38 [INFO] Application started
2026-09-12 03:34:38 [INFO] Application started
2026-09-12 03:34:38 [INFO] Application started
2026-09-12 03:34:38 [INFO] Application started
2026-09-12 03:34:38 [INFO] Application started
2026-09-12 03:34:38 [INFO] Application started
2026-09-12 03:34:38 [INFO] Application started
2026-09-12 03:34:38 [INFO] Application started
2026-09-12 03:34:38 [INFO] Application started
2026-09-12 03:34:38 [INFO] Application started
2026-09-12 03:34:38 [INFO] Application started
2026-09-12 03:34:38 [INFO] Application started
2026-09-12 03:34:38 [INFO] Application started
2026-09-12 03:34:38 [INFO] Application started
2026-09-12 03:34:38 [INFO] Application started
2026-09-12 03:34:38 [INFO] Application started
2026-09-12 03:34:38 [INFO] Application started
2026-09-12 03:34:38 [INFO] Application started
2026-09-12 03:34:38 [INFO] Application started
2026-09-12 03:34:38 [INFO] Application started
2026-09-12 03:34:38 [INFO] Application started
2026-09-12 03:34:38 [INFO] Application started
2026-09-12 03:34:38 [INFO] Application started
2026-09-12 03:34:38 [INFO] Application started
2026-09-12 03:34:38 [INFO] Application started
2026-09-12 03:34:38 [INFO] Application started
2026-09-12 03:34:38 [INFO] Application started
2026-09-12 03:34:38 [INFO] Application started
2026-09-12 03:34:38 [INFO] Application started
2026-09-12 03:34:38 [INFO] Application started
2026-09-12 03:34:38 [INFO] Application started
2026-09-12 03:34:38 [INFO] Application started
2026-09-12 03:34:38 [INFO] Application started
2026-09-12 03:34:38 [INFO] Application started
2026-09-12 03:34:38 [INFO] Application started
2026-09-12 03:34:38 [INFO] Application started
2026-09-12 03:34:38 [INFO] Application started
2026-09-12 03:34:38 [INFO] Application started
2026-09-12 03:34:38 [INFO] Application started
2026-09-12 03:34:38 [INFO] Application started
2026-09-12 03:34:38 [INFO] Application started
2026-09-12 03:34:38 [INFO] Application started
2026-09-12 03:34:38 [INFO] Application started
2026-09-12 03:34:38 [INFO] Application started
2026-09-12 03:34:38 [INFO] Application started
2026-09-12 03:34:38 [INFO] Application started
2026-09-12 03:34:38 [INFO] Application started
2026-09-12 03:34:38 [INFO] Application started
2026-09-12 03:34:38 [INFO] Application started
2026-09-12 03:34:38 [INFO] Application started
2026-09-12 03:34:38 [INFO] Application started
2026-09-12 03:34:38 [INFO] Application started
2026-09-12 03:34:38 [INFO] Application started
2026-09-12 03:34:38 [INFO] Application started
2026-09-12 03:34:38 [INFO] Application started
2026-09-12 03:34:38 [INFO] Application started
2026-09-12 03:34:38 [INFO] Application started
2026-09-12 03:34:38 [INFO] Application started
2026-09-12 03:34:38 [INFO] Application started
2026-09-12 03:34:38 [INFO] Application started
2026-09-12 03:34:38 [INFO] Application started
2026-09-12 03:34:38 [INFO] Application started
2026-09-12 03:34:38 [INFO] Application started
2026-09-12 03:34:38 [INFO] Application started
2026-09-12 03:34:38 [INFO] Application started
2026-09-12 03:34:38 [INFO] Application started
2026-09-12 03:34:38 [INFO] Application started
2026-09-12 03:34:38 [INFO] Application started
2026-09-12 03:34:38 [INFO] Application started
2026-09-12 03:34:38 [INFO] Application started
2026-09-12 03:34:38 [INFO] Application started
2026-09-12 03:34:38 [INFO] Application started
2026-09-12 03:34:38 [INFO] Application started
2026-09-12 03:34:38 [INFO] Application started
2026-09-12 03:34:38 [INFO] Application started
2026-09-12 03:34:38 [INFO] Application started
2026-09-12 03:34:38 [INFO] Application started
2026-09-12 03:34:38 [INFO] Application started
2026-09-12 03:34:38 [INFO] Application started
2026-09-12 03:34:38 [INFO] Application started
2026-09-12 03:34:38 [INFO] Application started
2026-09-12 03:34:38 [INFO] Application started
2026-09-12 03:34:38 [INFO] Application started
2026-09-12 03:34:38 [INFO] Application started
2026-09-12 03:34:38 [INFO] Application started
2026-09-12 03:34:38 [INFO] Application started
2026-09-12 03:34:38 [INFO] Application started
2026-09-12 03:34:38 [INFO] Application started
2026-09-12 03:34:38 [INFO] Application started
2026-09-12 03:34:38 [INFO] Application started
2026-09-12 03:34:38 [INFO] Application started
2026-09-12 03:34:38 [INFO] Application started
2026-09-12 03:34:38 [INFO] Application started
2026-09-12 03:34:38 [INFO] Application started
2026-09-12 03:34:38 [INFO] Application started
2026-09-12 03:34:38 [INFO] Application started
2026-09-12 03:34:38 [INFO] Application started
2026-09-12 03:34:38 [INFO] Application started
2026-09-12 03:34:38 [INFO] Application started
2026-09-12 03:34:38 [INFO] Application started
2026-09-12 03:34:38 [INFO] Application started
2026-09-12 03:34:38 [INFO] Application started
2026-09-12 03:34:38 [INFO] Application started
2026-09-12 03:34:38 [INFO] Application started
2026-09-12 03:34:38 [INFO] Application started
2026-09-12 03:34:38 [INFO] Application started
2026-09-12 03:34:38 [INFO] Application started
2026-09-12 03:34:38 [INFO] Application started
2026-09-12 03:34:38 [WARNING] Failed admin login attempt for email: admin@blazingtrailengineering.com
2026-09-12 03:34:38 [WARNING] Failed admin login attempt for email: admin@blazingtrailengineering.com
2026-09-12 03:34:38 [WARNING] Failed admin login attempt for email: admin@blazingtrailengineering.com
2026-09-12 03:34:38 [WARNING] Failed admin login attempt for email: admin@blazingtrailengineering.com
2026-09-12 03:34:38 [WARNING] Failed admin login attempt for email: admin@blazingtrailengineering.com
2026-09-12 03:34:38 [WARNING] Failed admin login attempt for email: admin@blazingtrailengineering.com
2026-09-12 03:34:38 [WARNING] Failed admin login attempt for email: admin@blazingtrailengineering.com
2026-09-12 03:34:38 [WARNING] Failed admin login attempt for email: admin@blazingtrailengineering.com
2026-09-12 03:34:38 [WARNING] Failed admin login attempt for email: admin@blazingtrailengineering.com
2026-09-12 03:34:38 [WARNING] Failed admin login attempt for email: admin@blazingtrailengineering.com
2026-09-12 03:34:38 [WARNING] Failed admin login attempt for email: admin@blazingtrailengineering.com
2026-09-12 03:34:38 [WARNING] Failed admin login attempt for email: admin@blazingtrailengineering.com
2026-09-12 03:34:38 [WARNING] Failed admin login attempt for email: admin@blazingtrailengineering.com
2026-09-12 03:34:38 [WARNING] Failed admin login attempt for email: admin@blazingtrailengineering.com
2026-09-12 03:34:38 [WARNING] Failed admin login attempt for email: admin@blazingtrailengineering.com
2026-09-12 03:34:38 [WARNING] Failed admin login attempt for email: admin@blazingtrailengineering.com
2026-09-12 03:34:38 [WARNING] Failed admin login attempt for email: admin@blazingtrailengineering.com
2026-09-12 03:34:38 [WARNING] Failed admin login attempt for email: admin@blazingtrailengineering.com
2026-09-12 03:34:38 [WARNING] Failed admin login attempt for email: admin@blazingtrailengineering.com
2026-09-12 03:34:38 [INFO] Application started
2026-09-12 03:34:38 [INFO] Application started
2026-09-12 03:34:38 [INFO] Application started
2026-09-12 03:34:38 [INFO] Application started
2026-09-12 03:34:38 [INFO] Application started
2026-09-12 03:34:38 [INFO] Application started
2026-09-12 03:34:38 [INFO] Application started
2026-09-12 03:34:38 [INFO] Application started
2026-09-12 03:34:38 [INFO] Application started
2026-09-12 03:34:38 [INFO] Application started
2026-09-12 03:34:38 [INFO] Application started
2026-09-12 03:34:38 [INFO] Application started
2026-09-12 03:34:38 [INFO] Application started
2026-09-12 03:34:38 [INFO] Application started
2026-09-12 03:34:38 [INFO] Application started
2026-09-12 03:34:38 [INFO] Application started
2026-09-12 03:34:38 [INFO] Application started
2026-09-12 03:34:38 [INFO] Application started
2026-09-12 03:34:38 [INFO] Application started
2026-09-12 03:34:38 [INFO] Application started
2026-09-12 03:34:38 [INFO] Application started
2026-09-12 03:34:38 [INFO] Application started
2026-09-12 03:34:38 [INFO] Application started
2026-09-12 03:34:38 [INFO] Application started
2026-09-12 03:34:38 [INFO] Application started
2026-09-12 03:34:38 [INFO] Application started
2026-09-12 03:34:38 [INFO] Application started
2026-09-12 03:34:38 [INFO] Application started
2026-09-12 03:34:38 [INFO] Application started
2026-09-12 03:34:38 [INFO] Application started
2026-09-12 03:34:38 [INFO] Application started
2026-09-12 03:34:38 [INFO] Application started
2026-09-12 03:34:38 [INFO] Application started
2026-09-12 03:34:38 [INFO] Application started
2026-09-12 03:34:38 [INFO] Application started
2026-09-12 03:34:38 [INFO] Application started
2026-09-12 03:34:38 [INFO] Application started
2026-09-12 03:34:38 [INFO] Application started
2026-09-12 03:34:38 [INFO] Application started
2026-09-12 03:34:38 [INFO] Application started
2026-09-12 03:34:38 [INFO] Application started
2026-09-12 03:34:38 [INFO] Admin login: admin@blazingtrailengineering.com
2026-09-12 03:34:38 [INFO] Admin login: admin@blazingtrailengineering.com
2026-09-12 03:34:38 [INFO] Admin login: admin@blazingtrailengineering.com
2026-09-12 03:34:38 [INFO] Admin login: admin@blazingtrailengineering.com
2026-09-12 03:34:38 [INFO] Admin login: admin@blazingtrailengineering.com
2026-09-12 03:34:38 [INFO] Admin login: admin@blazingtrailengineering.com
2026-09-12 03:34:38 [INFO] Admin login: admin@blazingtrailengineering.com
2026-09-12 03:34:38 [INFO] Admin login: admin@blazingtrailengineering.com
2026-09-12 03:34:38 [INFO] Admin login: admin@blazingtrailengineering.com
2026-09-12 03:34:38 [INFO] Admin login: admin@blazingtrailengineering.com
2026-09-12 03:34:38 [INFO] Admin login: admin@blazingtrailengineering.com
2026-09-12 03:34:38 [INFO] Admin login: admin@blazingtrailengineering.com
2026-09-12 03:34:38 [INFO] Admin login: admin@blazingtrailengineering.com
2026-09-12 03:34:38 [INFO] Admin login: admin@blazingtrailengineering.com
2026-09-12 03:34:38 [INFO] Admin login: admin@blazingtrailengineering.com
2026-09-12 03:34:38 [INFO] Admin login: admin@blazingtrailengineering.com
2026-09-12 03:34:38 [INFO] Admin login: admin@blazingtrailengineering.com
2026-09-12 03:34:38 [INFO] Admin login: admin@blazingtrailengineering.com
2026-09-12 03:34:38 [INFO] Admin login: admin@blazingtrailengineering.com
2026-09-12 03:34:38 [INFO] Admin login: admin@blazingtrailengineering.com
2026-09-12 03:34:38 [INFO] Admin login: admin@blazingtrailengineering.com
2026-09-12 03:34:38 [INFO] Product created: 'Test Panel 400W' (id=13) by admin@blazingtrailengineering.com
2026-09-12 03:34:38 [INFO] Product created: 'Test Panel 400W' (id=13) by admin@blazingtrailengineering.com
2026-09-12 03:34:38 [INFO] Product created: 'Test Panel 400W' (id=13) by admin@blazingtrailengineering.com
2026-09-12 03:34:38 [INFO] Product created: 'Test Panel 400W' (id=13) by admin@blazingtrailengineering.com
2026-09-12 03:34:38 [INFO] Product created: 'Test Panel 400W' (id=13) by admin@blazingtrailengineering.com
2026-09-12 03:34:38 [INFO] Product created: 'Test Panel 400W' (id=13) by admin@blazingtrailengineering.com
2026-09-12 03:34:38 [INFO] Product created: 'Test Panel 400W' (id=13) by admin@blazingtrailengineering.com
2026-09-12 03:34:38 [INFO] Product created: 'Test Panel 400W' (id=13) by admin@blazingtrailengineering.com
2026-09-12 03:34:38 [INFO] Product created: 'Test Panel 400W' (id=13) by admin@blazingtrailengineering.com
2026-09-12 03:34:38 [INFO] Product created: 'Test Panel 400W' (id=13) by admin@blazingtrailengineering.com
2026-09-12 03:34:38 [INFO] Product created: 'Test Panel 400W' (id=13) by admin@blazingtrailengineering.com
2026-09-12 03:34:38 [INFO] Product created: 'Test Panel 400W' (id=13) by admin@blazingtrailengineering.com
2026-09-12 03:34:38 [INFO] Product created: 'Test Panel 400W' (id=13) by admin@blazingtrailengineering.com
2026-09-12 03:34:38 [INFO] Product created: 'Test Panel 400W' (id=13) by admin@blazingtrailengineering.com
2026-09-12 03:34:38 [INFO] Product created: 'Test Panel 400W' (id=13) by admin@blazingtrailengineering.com
2026-09-12 03:34:38 [INFO] Product created: 'Test Panel 400W' (id=13) by admin@blazingtrailengineering.com
2026-09-12 03:34:38 [INFO] Product created: 'Test Panel 400W' (id=13) by admin@blazingtrailengineering.com
2026-09-12 03:34:38 [INFO] Product created: 'Test Panel 400W' (id=13) by admin@blazingtrailengineering.com
2026-09-12 03:34:38 [INFO] Product created: 'Test Panel 400W' (id=13) by admin@blazingtrailengineering.com
2026-09-12 03:34:38 [INFO] Product created: 'Test Panel 400W' (id=13) by admin@blazingtrailengineering.com
2026-09-12 03:34:38 [INFO] Product created: 'Test Panel 400W' (id=13) by admin@blazingtrailengineering.com
2026-09-12 03:34:38 [INFO] Product updated: 'Test Panel 450W' (id=13) by admin@blazingtrailengineering.com
2026-09-12 03:34:38 [INFO] Product updated: 'Test Panel 450W' (id=13) by admin@blazingtrailengineering.com
2026-09-12 03:34:38 [INFO] Product updated: 'Test Panel 450W' (id=13) by admin@blazingtrailengineering.com
2026-09-12 03:34:38 [INFO] Product updated: 'Test Panel 450W' (id=13) by admin@blazingtrailengineering.com
2026-09-12 03:34:38 [INFO] Product updated: 'Test Panel 450W' (id=13) by admin@blazingtrailengineering.com
2026-09-12 03:34:38 [INFO] Product updated: 'Test Panel 450W' (id=13) by admin@blazingtrailengineering.com
2026-09-12 03:34:38 [INFO] Product updated: 'Test Panel 450W' (id=13) by admin@blazingtrailengineering.com
2026-09-12 03:34:38 [INFO] Product updated: 'Test Panel 450W' (id=13) by admin@blazingtrailengineering.com
2026-09-12 03:34:38 [INFO] Product updated: 'Test Panel 450W' (id=13) by admin@blazingtrailengineering.com
2026-09-12 03:34:38 [INFO] Product updated: 'Test Panel 450W' (id=13) by admin@blazingtrailengineering.com
2026-09-12 03:34:38 [INFO] Product updated: 'Test Panel 450W' (id=13) by admin@blazingtrailengineering.com
2026-09-12 03:34:38 [INFO] Product updated: 'Test Panel 450W' (id=13) by admin@blazingtrailengineering.com
2026-09-12 03:34:38 [INFO] Product updated: 'Test Panel 450W' (id=13) by admin@blazingtrailengineering.com
2026-09-12 03:34:38 [INFO] Product updated: 'Test Panel 450W' (id=13) by admin@blazingtrailengineering.com
2026-09-12 03:34:38 [INFO] Product updated: 'Test Panel 450W' (id=13) by admin@blazingtrailengineering.com
2026-09-12 03:34:38 [INFO] Product updated: 'Test Panel 450W' (id=13) by admin@blazingtrailengineering.com
2026-09-12 03:34:38 [INFO] Product updated: 'Test Panel 450W' (id=13) by admin@blazingtrailengineering.com
2026-09-12 03:34:38 [INFO] Product updated: 'Test Panel 450W' (id=13) by admin@blazingtrailengineering.com
2026-09-12 03:34:38 [INFO] Product updated: 'Test Panel 450W' (id=13) by admin@blazingtrailengineering.com
2026-09-12 03:34:38 [INFO] Product updated: 'Test Panel 450W' (id=13) by admin@blazingtrailengineering.com
2026-09-12 03:34:38 [INFO] Product updated: 'Test Panel 450W' (id=13) by admin@blazingtrailengineering.com
2026-09-12 03:34:38 [INFO] Lead #5 status: new -> contacted by admin@blazingtrailengineering.com
2026-09-12 03:34:38 [INFO] Lead #5 status: new -> contacted by admin@blazingtrailengineering.com
2026-09-12 03:34:38 [INFO] Lead #5 status: new -> contacted by admin@blazingtrailengineering.com
2026-09-12 03:34:38 [INFO] Lead #5 status: new -> contacted by admin@blazingtrailengineering.com
2026-09-12 03:34:38 [INFO] Lead #5 status: new -> contacted by admin@blazingtrailengineering.com
2026-09-12 03:34:38 [INFO] Lead #5 status: new -> contacted by admin@blazingtrailengineering.com
2026-09-12 03:34:38 [INFO] Lead #5 status: new -> contacted by admin@blazingtrailengineering.com
2026-09-12 03:34:38 [INFO] Lead #5 status: new -> contacted by admin@blazingtrailengineering.com
2026-09-12 03:34:38 [INFO] Lead #5 status: new -> contacted by admin@blazingtrailengineering.com
2026-09-12 03:34:38 [INFO] Lead #5 status: new -> contacted by admin@blazingtrailengineering.com
2026-09-12 03:34:38 [INFO] Lead #5 status: new -> contacted by admin@blazingtrailengineering.com
2026-09-12 03:34:38 [INFO] Lead #5 status: new -> contacted by admin@blazingtrailengineering.com
2026-09-12 03:34:38 [INFO] Lead #5 status: new -> contacted by admin@blazingtrailengineering.com
2026-09-12 03:34:38 [INFO] Lead #5 status: new -> contacted by admin@blazingtrailengineering.com
2026-09-12 03:34:38 [INFO] Lead #5 status: new -> contacted by admin@blazingtrailengineering.com
2026-09-12 03:34:38 [INFO] Lead #5 status: new -> contacted by admin@blazingtrailengineering.com
2026-09-12 03:34:38 [INFO] Lead #5 status: new -> contacted by admin@blazingtrailengineering.com
2026-09-12 03:34:38 [INFO] Lead #5 status: new -> contacted by admin@blazingtrailengineering.com
2026-09-12 03:34:38 [INFO] Lead #5 status: new -> contacted by admin@blazingtrailengineering.com
2026-09-12 03:34:38 [INFO] Lead #5 status: new -> contacted by admin@blazingtrailengineering.com
2026-09-12 03:34:38 [INFO] Lead #5 status: new -> contacted by admin@blazingtrailengineering.com
2026-09-12 03:34:38 [INFO] Lead #5 deleted by admin@blazingtrailengineering.com
2026-09-12 03:34:38 [INFO] Lead #5 deleted by admin@blazingtrailengineering.com
2026-09-12 03:34:38 [INFO] Lead #5 deleted by admin@blazingtrailengineering.com
2026-09-12 03:34:38 [INFO] Lead #5 deleted by admin@blazingtrailengineering.com
2026-09-12 03:34:38 [INFO] Lead #5 deleted by admin@blazingtrailengineering.com
2026-09-12 03:34:38 [INFO] Lead #5 deleted by admin@blazingtrailengineering.com
2026-09-12 03:34:38 [INFO] Lead #5 deleted by admin@blazingtrailengineering.com
2026-09-12 03:34:38 [INFO] Lead #5 deleted by admin@blazingtrailengineering.com
2026-09-12 03:34:38 [INFO] Lead #5 deleted by admin@blazingtrailengineering.com
2026-09-12 03:34:38 [INFO] Lead #5 deleted by admin@blazingtrailengineering.com
2026-09-12 03:34:38 [INFO] Lead #5 deleted by admin@blazingtrailengineering.com
2026-09-12 03:34:38 [INFO] Lead #5 deleted by admin@blazingtrailengineering.com
2026-09-12 03:34:38 [INFO] Lead #5 deleted by admin@blazingtrailengineering.com
2026-09-12 03:34:38 [INFO] Lead #5 deleted by admin@blazingtrailengineering.com
2026-09-12 03:34:38 [INFO] Lead #5 deleted by admin@blazingtrailengineering.com
2026-09-12 03:34:38 [INFO] Lead #5 deleted by admin@blazingtrailengineering.com
2026-09-12 03:34:38 [INFO] Lead #5 deleted by admin@blazingtrailengineering.com
2026-09-12 03:34:38 [INFO] Lead #5 deleted by admin@blazingtrailengineering.com
2026-09-12 03:34:38 [INFO] Lead #5 deleted by admin@blazingtrailengineering.com
2026-09-12 03:34:38 [INFO] Lead #5 deleted by admin@blazingtrailengineering.com
2026-09-12 03:34:38 [INFO] Lead #5 deleted by admin@blazingtrailengineering.com
2026-09-12 03:34:38 [INFO] Product deleted: 'Test Panel 450W' (id=13) by admin@blazingtrailengineering.com
2026-09-12 03:34:38 [INFO] Product deleted: 'Test Panel 450W' (id=13) by admin@blazingtrailengineering.com
2026-09-12 03:34:38 [INFO] Product deleted: 'Test Panel 450W' (id=13) by admin@blazingtrailengineering.com
2026-09-12 03:34:38 [INFO] Product deleted: 'Test Panel 450W' (id=13) by admin@blazingtrailengineering.com
2026-09-12 03:34:38 [INFO] Product deleted: 'Test Panel 450W' (id=13) by admin@blazingtrailengineering.com
2026-09-12 03:34:38 [INFO] Product deleted: 'Test Panel 450W' (id=13) by admin@blazingtrailengineering.com
2026-09-12 03:34:38 [INFO] Product deleted: 'Test Panel 450W' (id=13) by admin@blazingtrailengineering.com
2026-09-12 03:34:38 [INFO] Product deleted: 'Test Panel 450W' (id=13) by admin@blazingtrailengineering.com
2026-09-12 03:34:38 [INFO] Product deleted: 'Test Panel 450W' (id=13) by admin@blazingtrailengineering.com
2026-09-12 03:34:38 [INFO] Product deleted: 'Test Panel 450W' (id=13) by admin@blazingtrailengineering.com
2026-09-12 03:34:38 [INFO] Product deleted: 'Test Panel 450W' (id=13) by admin@blazingtrailengineering.com
2026-09-12 03:34:38 [INFO] Product deleted: 'Test Panel 450W' (id=13) by admin@blazingtrailengineering.com
2026-09-12 03:34:38 [INFO] Product deleted: 'Test Panel 450W' (id=13) by admin@blazingtrailengineering.com
2026-09-12 03:34:38 [INFO] Product deleted: 'Test Panel 450W' (id=13) by admin@blazingtrailengineering.com
2026-09-12 03:34:38 [INFO] Product deleted: 'Test Panel 450W' (id=13) by admin@blazingtrailengineering.com
2026-09-12 03:34:38 [INFO] Product deleted: 'Test Panel 450W' (id=13) by admin@blazingtrailengineering.com
2026-09-12 03:34:38 [INFO] Product deleted: 'Test Panel 450W' (id=13) by admin@blazingtrailengineering.com
2026-09-12 03:34:38 [INFO] Product deleted: 'Test Panel 450W' (id=13) by admin@blazingtrailengineering.com
2026-09-12 03:34:38 [INFO] Product deleted: 'Test Panel 450W' (id=13) by admin@blazingtrailengineering.com
2026-09-12 03:34:38 [INFO] Product deleted: 'Test Panel 450W' (id=13) by admin@blazingtrailengineering.com
2026-09-12 03:34:38 [INFO] Product deleted: 'Test Panel 450W' (id=13) by admin@blazingtrailengineering.com
2026-09-12 03:34:38 [INFO] Admin logout: admin@blazingtrailengineering.com
2026-09-12 03:34:38 [INFO] Admin logout: admin@blazingtrailengineering.com
2026-09-12 03:34:38 [INFO] Admin logout: admin@blazingtrailengineering.com
2026-09-12 03:34:38 [INFO] Admin logout: admin@blazingtrailengineering.com
2026-09-12 03:34:38 [INFO] Admin logout: admin@blazingtrailengineering.com
2026-09-12 03:34:38 [INFO] Admin logout: admin@blazingtrailengineering.com
2026-09-12 03:34:38 [INFO] Admin logout: admin@blazingtrailengineering.com
2026-09-12 03:34:38 [INFO] Admin logout: admin@blazingtrailengineering.com
2026-09-12 03:34:38 [INFO] Admin logout: admin@blazingtrailengineering.com
2026-09-12 03:34:38 [INFO] Admin logout: admin@blazingtrailengineering.com
2026-09-12 03:34:38 [INFO] Admin logout: admin@blazingtrailengineering.com
2026-09-12 03:34:38 [INFO] Admin logout: admin@blazingtrailengineering.com
2026-09-12 03:34:38 [INFO] Admin logout: admin@blazingtrailengineering.com
2026-09-12 03:34:38 [INFO] Admin logout: admin@blazingtrailengineering.com
2026-09-12 03:34:38 [INFO] Admin logout: admin@blazingtrailengineering.com
2026-09-12 03:34:38 [INFO] Admin logout: admin@blazingtrailengineering.com
2026-09-12 03:34:38 [INFO] Admin logout: admin@blazingtrailengineering.com
2026-09-12 03:34:38 [INFO] Admin logout: admin@blazingtrailengineering.com
2026-09-12 03:34:38 [INFO] Admin logout: admin@blazingtrailengineering.com
2026-09-12 03:34:38 [INFO] Admin logout: admin@blazingtrailengineering.com
2026-09-12 03:34:38 [INFO] Admin logout: admin@blazingtrailengineering.com
2026-09-12 03:34:38 [INFO] Application started
2026-09-12 03:34:38 [INFO] Application started
2026-09-12 03:34:38 [INFO] Application started
2026-09-12 03:34:38 [INFO] Application started
2026-09-12 03:34:38 [INFO] Application started
2026-09-12 03:34:38 [INFO] Application started
2026-09-12 03:34:38 [INFO] Application started
2026-09-12 03:34:38 [INFO] Application started
2026-09-12 03:34:38 [INFO] Application started
2026-09-12 03:34:38 [INFO] Application started
2026-09-12 03:34:38 [INFO] Application started
2026-09-12 03:34:38 [INFO] Application started
2026-09-12 03:34:38 [INFO] Application started
2026-09-12 03:34:38 [INFO] Application started
2026-09-12 03:34:38 [INFO] Application started
2026-09-12 03:34:38 [INFO] Application started
2026-09-12 03:34:38 [INFO] Application started
2026-09-12 03:34:38 [INFO] Application started
2026-09-12 03:34:38 [INFO] Application started
2026-09-12 03:34:38 [INFO] Application started
2026-09-12 03:34:38 [INFO] Application started
2026-09-12 03:34:38 [INFO] Application started
2026-09-12 03:34:38 [INFO] Application started
2026-09-12 03:34:38 [INFO] Application started
2026-09-12 03:34:38 [INFO] Application started
2026-09-12 03:34:38 [INFO] Application started
2026-09-12 03:34:38 [INFO] Application started
2026-09-12 03:34:38 [INFO] Application started
2026-09-12 03:34:38 [INFO] Application started
2026-09-12 03:34:38 [INFO] Application started
2026-09-12 03:34:38 [INFO] Application started
2026-09-12 03:34:38 [INFO] Application started
2026-09-12 03:34:38 [INFO] Application started
2026-09-12 03:34:38 [INFO] Application started
2026-09-12 03:34:38 [INFO] Application started
2026-09-12 03:34:38 [INFO] Application started
2026-09-12 03:34:38 [INFO] Application started
2026-09-12 03:34:38 [INFO] Application started
2026-09-12 03:34:38 [INFO] Application started
2026-09-12 03:34:38 [INFO] Application started
2026-09-12 03:34:38 [INFO] Application started
2026-09-12 03:34:38 [INFO] Application started
2026-09-12 03:34:38 [INFO] Application started
2026-09-12 03:34:38 [INFO] Application started
2026-09-12 03:34:38 [INFO] Application started
2026-09-12 16:37:24 [INFO] Application started
2026-09-12 16:37:36 [INFO] Application started
2026-09-12 16:37:37 [INFO] Application started
2026-09-14 16:59:33 [INFO] Application started
2026-09-14 16:59:34 [INFO] Application started
